 LAZYMAGIT  repo  branch main no upstream                                                           
Status  |  Log  2 commits                                                                           
╭────────────────────────────────────────────────╮╭────────────────────────────────────────────────╮
│  * [OID] (HEAD -> main) inspection second    ││commit [OID]…│
│  * [OID]                inspection first     ││Author:     UI E2E Test <ui-e2e@example.invalid>│
│                                                ││AuthorDate: [STAMP]       │
│                                                ││Commit:     UI E2E Test <ui-e2e@example.invalid>│
│                                                ││CommitDate: [STAMP]       │
│                                                ││                                                │
│                                                ││    inspection second                           │
│                                                ││---                                             │
│                                                ││ story.txt | 1 +                                │
│                                                ││ 1 file changed, 1 insertion(+)                 │
│                                                ││                                                │
│                                                ││diff --git a/story.txt b/story.txt              │
│                                                ││index [OID]..[OID] 100644                   │
│                                                ││--- a/story.txt                                 │
│                                                ││+++ b/story.txt                                 │
│                                                ││@@ -1 +1,2 @@                                   │
│                                                ││ one                                            │
│                                                ││+two                                            │
│                                                ││                                                │
│                                                ││                                                │
│                                                ││                                                │
│                                                ││                                                │
│                                                ││                                                │
╰────────────────────────────────────────────────╯╰────────────────────────────────────────────────╯
Log  j/k select  alt+m mark  alt+c compare  Esc status  alt+| swap split  q close  Log: 2 commits   
                                                                                                    
                                                                                                    
