 LAZYMAGIT  repo  branch main no upstream                                                           
Status  |  Log  Compare [OID]...[OID]  2 commits                                              
╭────────────────────────────────────────────────╮╭────────────────────────────────────────────────╮
│✓ * [OID] (HEAD -> main) inspection second    ││Compare [OID]...[OID]                     │
│✓ * [OID]                inspection first     ││                                                │
│                                                ││diff --git a/story.txt b/story.txt              │
│                                                ││index [OID]..[OID] 100644                   │
│                                                ││--- a/story.txt                                 │
│                                                ││+++ b/story.txt                                 │
│                                                ││@@ -1 +1,2 @@                                   │
│                                                ││ one                                            │
│                                                ││+two                                            │
│                                                ││                                                │
│                                                ││                                                │
│                                                ││                                                │
│                                                ││                                                │
│                                                ││                                                │
│                                                ││                                                │
│                                                ││                                                │
│                                                ││                                                │
│                                                ││                                                │
│                                                ││                                                │
│                                                ││                                                │
│                                                ││                                                │
│                                                ││                                                │
│                                                ││                                                │
╰────────────────────────────────────────────────╯╰────────────────────────────────────────────────╯
Log  j/k select  alt+m mark  alt+c compare  Esc close comparison  alt+| swap split  q close  ([OID]…
                                                                                                    
                                                                                                    
