 LAZYMAGIT  repo  branch main no upstream                                                           
Status  |  Log                                                                                      
╭─────────────────────────────────────────╮╭───────────────────────────────────────────────────────╮
│▾ Unstaged changes (1)                   ││Select a file or commit to inspect details.            │
│    modified   story.txt                 ││                                                       │
│▸ Recent commits                         ││                                                       │
│                                         ││                                                       │
│                                         ││                                                       │
│                                         ││                                                       │
│                                         ││                                                       │
│                                         ││                                                       │
│                                         ││                                                       │
│                                         ││                                                       │
│                                         ││                                                       │
│                                         ││                                                       │
│                                         ││                                                       │
│                                         ││                                                       │
│                                         ││                                                       │
│                                         ││                                                       │
│                                         ││                                                       │
│                                         ││                                                       │
│                                         ││                                                       │
│                                         ││                                                       │
│                                         ││                                                       │
│                                         ││                                                       │
│                                         ││                                                       │
╰─────────────────────────────────────────╯╰───────────────────────────────────────────────────────╯
c Commit  f Fetch  p Push  b Branch  F2 Themes  gr Refresh  z Folds  ` Processes  j/k Move  Alt-r P…
                                                                                                    
                                                                                                    
